// Jest Snapshot v1, https://goo.gl/fbAQLP

exports[`PositionRouter #updateDelayValues update delay values 1`] = `36177`;

exports[`PositionRouter #updateExecutionGasLimit update execution gas limit 1`] = `33938`;

exports[`PositionRouter #updatePositionExecutor update position executor from false to false 1`] = `33699`;

exports[`PositionRouter #updatePositionExecutor update position executor from false to true 1`] = `53611`;

exports[`PositionRouter #updatePositionExecutor update position executor from true to false 1`] = `31699`;

exports[`PositionRouter #updatePositionExecutor update position executor from true to true 1`] = `33711`;

exports[`PositionRouter BurnPUSD #cancelBurnPUSD cancel burn PUSD 1`] = `50056`;

exports[`PositionRouter BurnPUSD #cancelBurnPUSD cancel when request not exists 1`] = `27488`;

exports[`PositionRouter BurnPUSD #createBurnPUSD createBurnPUSD with permitData again 1`] = `75888`;

exports[`PositionRouter BurnPUSD #createBurnPUSD createBurnPUSD without permitData again 1`] = `79007`;

exports[`PositionRouter BurnPUSD #createBurnPUSD first createBurnPUSD with permitData 1`] = `125104`;

exports[`PositionRouter BurnPUSD #createBurnPUSD first createBurnPUSD without permitData 1`] = `96095`;

exports[`PositionRouter BurnPUSD #executeBurnPUSD execute when exactIn is false and market is not weth 1`] = `92850`;

exports[`PositionRouter BurnPUSD #executeBurnPUSD execute when exactIn is false and the market is weth 1`] = `144944`;

exports[`PositionRouter BurnPUSD #executeBurnPUSD execute when exactIn is false and the market is weth and refund execution fee 1`] = `150661`;

exports[`PositionRouter BurnPUSD #executeBurnPUSD execute when exactIn is true and the market is not weth 1`] = `92858`;

exports[`PositionRouter BurnPUSD #executeBurnPUSD execute when exactIn is true and the market is weth 1`] = `144951`;

exports[`PositionRouter BurnPUSD #executeBurnPUSD execute when request not exists 1`] = `27429`;

exports[`PositionRouter BurnPUSD #executeOrCancelBurnPUSD cancel request if execution reverted 1`] = `62449`;

exports[`PositionRouter BurnPUSD #executeOrCancelBurnPUSD execute request if execution passed 1`] = `74905`;

exports[`PositionRouter DecreasePosition #cancelDecreasePosition cancel when executor cancel 1`] = `38170`;

exports[`PositionRouter DecreasePosition #cancelDecreasePosition cancel when request not exists 1`] = `27047`;

exports[`PositionRouter DecreasePosition #cancelDecreasePosition cancel when request owner calls 1`] = `38227`;

exports[`PositionRouter DecreasePosition #createDecreasePosition createDecreasePosition again 1`] = `54314`;

exports[`PositionRouter DecreasePosition #createDecreasePosition first createDecreasePosition 1`] = `54314`;

exports[`PositionRouter DecreasePosition #createDecreasePositionReceivePUSD createDecreasePositionReceivePUSD again 1`] = `54204`;

exports[`PositionRouter DecreasePosition #createDecreasePositionReceivePUSD first createDecreasePositionReceivePUSD 1`] = `54204`;

exports[`PositionRouter DecreasePosition #executeDecreasePosition execute when request is not exists 1`] = `27628`;

exports[`PositionRouter DecreasePosition #executeDecreasePosition execute when the market is weth 1`] = `110386`;

exports[`PositionRouter DecreasePosition #executeDecreasePosition execute when the market is weth and refund execution fee 1`] = `116094`;

exports[`PositionRouter DecreasePosition #executeDecreasePosition should emit event and distribute funds when receivePUSD is true 1`] = `84032`;

exports[`PositionRouter DecreasePosition #executeDecreasePosition should emit event and distribute funds when the market is not weth 1`] = `56331`;

exports[`PositionRouter DecreasePosition #executeOrCancelDecreasePosition cancel request if execution reverted 1`] = `50734`;

exports[`PositionRouter DecreasePosition #executeOrCancelDecreasePosition execute request if execution passed 1`] = `58242`;

exports[`PositionRouter IncreasePosition #cancelIncreasePosition cancel when executor cancel and market is not weth 1`] = `51685`;

exports[`PositionRouter IncreasePosition #cancelIncreasePosition cancel when executor cancel and market is weth 1`] = `59820`;

exports[`PositionRouter IncreasePosition #cancelIncreasePosition cancel when executor cancel and payPUSD is true 1`] = `49347`;

exports[`PositionRouter IncreasePosition #cancelIncreasePosition cancel when request not exists 1`] = `26704`;

exports[`PositionRouter IncreasePosition #cancelIncreasePosition cancel when request owner calls and market is not weth 1`] = `26704`;

exports[`PositionRouter IncreasePosition #cancelIncreasePosition cancel when request owner calls and market is weth 1`] = `57377`;

exports[`PositionRouter IncreasePosition #cancelIncreasePosition cancel when request owner calls and payPUSD is true 1`] = `49404`;

exports[`PositionRouter IncreasePosition #createIncreasePosition createIncreasePosition with permitData again 1`] = `75312`;

exports[`PositionRouter IncreasePosition #createIncreasePosition createIncreasePosition without permitData again 1`] = `78431`;

exports[`PositionRouter IncreasePosition #createIncreasePosition first createIncreasePosition with permitData 1`] = `124528`;

exports[`PositionRouter IncreasePosition #createIncreasePosition first createIncreasePosition without permitData 1`] = `95531`;

exports[`PositionRouter IncreasePosition #createIncreasePositionETH createIncreasePositionETH again 1`] = `69276`;

exports[`PositionRouter IncreasePosition #createIncreasePositionETH first createIncreasePositionETH 1`] = `86376`;

exports[`PositionRouter IncreasePosition #createIncreasePositionPayPUSD createIncreasePositionPayPUSD with permitData again 1`] = `76088`;

exports[`PositionRouter IncreasePosition #createIncreasePositionPayPUSD createIncreasePositionPayPUSD without permitData again 1`] = `79207`;

exports[`PositionRouter IncreasePosition #createIncreasePositionPayPUSD first createIncreasePositionPayPUSD with permitData 1`] = `125316`;

exports[`PositionRouter IncreasePosition #createIncreasePositionPayPUSD first createIncreasePositionPayPUSD without permitData 1`] = `96307`;

exports[`PositionRouter IncreasePosition #executeIncreasePosition execute when request is exists 1`] = `66163`;

exports[`PositionRouter IncreasePosition #executeIncreasePosition execute when request is exists and refund execution fee 1`] = `75798`;

exports[`PositionRouter IncreasePosition #executeIncreasePosition execute when request is not exists 1`] = `27047`;

exports[`PositionRouter IncreasePosition #executeOrCancelIncreasePosition cancel request if execution reverted 1`] = `63460`;

exports[`PositionRouter IncreasePosition #executeOrCancelIncreasePosition execute request if execution passed 1`] = `67700`;

exports[`PositionRouter MintPUSD #cancelMintPUSD cancel when executor cancel and market is not weth 1`] = `52209`;

exports[`PositionRouter MintPUSD #cancelMintPUSD cancel when executor cancel and market is weth 1`] = `27290`;

exports[`PositionRouter MintPUSD #cancelMintPUSD cancel when request not exists 1`] = `27290`;

exports[`PositionRouter MintPUSD #cancelMintPUSD cancel when request owner calls 1`] = `27302`;

exports[`PositionRouter MintPUSD #createMintPUSD createMintPUSD with permitData again 1`] = `75788`;

exports[`PositionRouter MintPUSD #createMintPUSD createMintPUSD without permitData again 1`] = `78907`;

exports[`PositionRouter MintPUSD #createMintPUSD first createMintPUSD with permitData 1`] = `124992`;

exports[`PositionRouter MintPUSD #createMintPUSD first createMintPUSD without permitData 1`] = `95995`;

exports[`PositionRouter MintPUSD #createMintPUSDETH createMintPUSDETH again 1`] = `69741`;

exports[`PositionRouter MintPUSD #createMintPUSDETH first createMintPUSDETH 1`] = `86829`;

exports[`PositionRouter MintPUSD #executeMintPUSD cancel request if execution reverted 1`] = `63531`;

exports[`PositionRouter MintPUSD #executeMintPUSD execute request if execution passed 1`] = `71844`;

exports[`PositionRouter MintPUSD #executeMintPUSD execute when request is not exists 1`] = `26950`;

exports[`PositionRouter MintPUSD #executeMintPUSD execute when the exactIn is false and market is not weth 1`] = `70468`;

exports[`PositionRouter MintPUSD #executeMintPUSD execute when the exactIn is false and market is not weth and refund execution fee 1`] = `80114`;

exports[`PositionRouter MintPUSD #executeMintPUSD execute when the exactIn is false and market is weth 1`] = `98366`;

exports[`PositionRouter MintPUSD #executeMintPUSD execute when the exactIn is true and market is not weth 1`] = `73260`;

exports[`PositionRouter MintPUSD #executeMintPUSD execute when the exactIn is true and market is weth 1`] = `98358`;
