// Jest Snapshot v1, https://goo.gl/fbAQLP

exports[`PositionRouter2 #updateDelayValues update delay values 1`] = `36023`;

exports[`PositionRouter2 #updateEstimatedGasLimit update 1`] = `35652`;

exports[`PositionRouter2 #updateExecutionGasLimit update execution gas limit 1`] = `33894`;

exports[`PositionRouter2 #updatePositionExecutor update position executor from false to false 1`] = `33446`;

exports[`PositionRouter2 #updatePositionExecutor update position executor from false to true 1`] = `53358`;

exports[`PositionRouter2 #updatePositionExecutor update position executor from true to false 1`] = `31446`;

exports[`PositionRouter2 #updatePositionExecutor update position executor from true to true 1`] = `33458`;

exports[`PositionRouter2 BurnLPT #cancelBurnLPT cancel when request exists 1`] = `67362`;

exports[`PositionRouter2 BurnLPT #cancelBurnLPT cancel when request not exists 1`] = `27498`;

exports[`PositionRouter2 BurnLPT #createBurnLPT createBurnLPT with permitData again 1`] = `70919`;

exports[`PositionRouter2 BurnLPT #createBurnLPT createBurnLPT without permitData again 1`] = `74038`;

exports[`PositionRouter2 BurnLPT #createBurnLPT first createBurnLPT with permitData 1`] = `140122`;

exports[`PositionRouter2 BurnLPT #createBurnLPT first createBurnLPT without permitData 1`] = `91138`;

exports[`PositionRouter2 BurnLPT #createBurnLPTReceivePUSD createBurnLPTReceivePUSD with permitData again 1`] = `74562`;

exports[`PositionRouter2 BurnLPT #createBurnLPTReceivePUSD createBurnLPTReceivePUSD with permitData again 2`] = `71443`;

exports[`PositionRouter2 BurnLPT #createBurnLPTReceivePUSD first createBurnLPTReceivePUSD with permitData 1`] = `140646`;

exports[`PositionRouter2 BurnLPT #createBurnLPTReceivePUSD first createBurnLPTReceivePUSD without permitData 1`] = `91662`;

exports[`PositionRouter2 BurnLPT #executeBurnLPT execute when request not exists 1`] = `27392`;

exports[`PositionRouter2 BurnLPT #executeBurnLPT execute when the market is not weth 1`] = `78652`;

exports[`PositionRouter2 BurnLPT #executeBurnLPT execute when the market is weth 1`] = `133542`;

exports[`PositionRouter2 BurnLPT #executeBurnLPT execute when the market is weth and refund execution fee 1`] = `141250`;

exports[`PositionRouter2 BurnLPT #executeOrCancelBurnLPT execute burn LPT 1`] = `80519`;

exports[`PositionRouter2 MintLPT #cancelMintLPT cancel when executor cancel and market is not weth 1`] = `51887`;

exports[`PositionRouter2 MintLPT #cancelMintLPT cancel when executor cancel and market is weth 1`] = `59950`;

exports[`PositionRouter2 MintLPT #cancelMintLPT cancel when executor cancel and payPUSD is true 1`] = `54312`;

exports[`PositionRouter2 MintLPT #cancelMintLPT cancel when request not exists 1`] = `26891`;

exports[`PositionRouter2 MintLPT #cancelMintLPT cancel when request owner calls and market is not weth 1`] = `51944`;

exports[`PositionRouter2 MintLPT #cancelMintLPT cancel when request owner calls and market is weth 1`] = `57507`;

exports[`PositionRouter2 MintLPT #cancelMintLPT cancel when request owner calls and payPUSD is true 1`] = `54369`;

exports[`PositionRouter2 MintLPT #createMintLPT createMintLPT with permitData again 1`] = `75339`;

exports[`PositionRouter2 MintLPT #createMintLPT createMintLPT without permitData again 1`] = `78458`;

exports[`PositionRouter2 MintLPT #createMintLPT first createMintLPT with permitData 1`] = `144520`;

exports[`PositionRouter2 MintLPT #createMintLPT first createMintLPT without permitData 1`] = `95558`;

exports[`PositionRouter2 MintLPT #createMintLPTETH createMintLPTETH again 1`] = `69816`;

exports[`PositionRouter2 MintLPT #createMintLPTETH first createMintLPTETH 1`] = `86916`;

exports[`PositionRouter2 MintLPT #createMintLPTPayPUSD createMintLPTPayPUSD with permitData again 1`] = `83739`;

exports[`PositionRouter2 MintLPT #createMintLPTPayPUSD createMintLPTPayPUSD without permitData again 1`] = `83739`;

exports[`PositionRouter2 MintLPT #createMintLPTPayPUSD first createMintLPTPayPUSD with permitData 1`] = `160828`;

exports[`PositionRouter2 MintLPT #createMintLPTPayPUSD first createMintLPTPayPUSD without permitData 1`] = `100839`;

exports[`PositionRouter2 MintLPT #executeMintLPT execute mint LPT 1`] = `61201`;

exports[`PositionRouter2 MintLPT #executeMintLPT execute mint LPT and refund execution fee 1`] = `70836`;

exports[`PositionRouter2 MintLPT #executeMintLPT execute when request is not exists 1`] = `27063`;

exports[`PositionRouter2 MintLPT #executeOrCancelMintLPT execute mint LPT 1`] = `63222`;
